Archive member included to satisfy reference by file (symbol)

/usr/local/sbin/gcc-arm-none-eabi-5_3-2016q1/bin/../lib/gcc/arm-none-eabi/5.3.1/../../../../arm-none-eabi/lib/armv7-m/libc_nano.a(lib_a-exit.o)
                              /usr/local/sbin/gcc-arm-none-eabi-5_3-2016q1/bin/../lib/gcc/arm-none-eabi/5.3.1/../../../../arm-none-eabi/lib/armv7-m/crt0.o (exit)
/usr/local/sbin/gcc-arm-none-eabi-5_3-2016q1/bin/../lib/gcc/arm-none-eabi/5.3.1/../../../../arm-none-eabi/lib/armv7-m/libc_nano.a(lib_a-impure.o)
                              /usr/local/sbin/gcc-arm-none-eabi-5_3-2016q1/bin/../lib/gcc/arm-none-eabi/5.3.1/../../../../arm-none-eabi/lib/armv7-m/libc_nano.a(lib_a-exit.o) (_global_impure_ptr)
/usr/local/sbin/gcc-arm-none-eabi-5_3-2016q1/bin/../lib/gcc/arm-none-eabi/5.3.1/../../../../arm-none-eabi/lib/armv7-m/libc_nano.a(lib_a-init.o)
                              /usr/local/sbin/gcc-arm-none-eabi-5_3-2016q1/bin/../lib/gcc/arm-none-eabi/5.3.1/../../../../arm-none-eabi/lib/armv7-m/crt0.o (__libc_init_array)
/usr/local/sbin/gcc-arm-none-eabi-5_3-2016q1/bin/../lib/gcc/arm-none-eabi/5.3.1/../../../../arm-none-eabi/lib/armv7-m/libc_nano.a(lib_a-memset.o)
                              /usr/local/sbin/gcc-arm-none-eabi-5_3-2016q1/bin/../lib/gcc/arm-none-eabi/5.3.1/../../../../arm-none-eabi/lib/armv7-m/crt0.o (memset)
/usr/local/sbin/gcc-arm-none-eabi-5_3-2016q1/bin/../lib/gcc/arm-none-eabi/5.3.1/../../../../arm-none-eabi/lib/armv7-m/libnosys.a(_exit.o)
                              /usr/local/sbin/gcc-arm-none-eabi-5_3-2016q1/bin/../lib/gcc/arm-none-eabi/5.3.1/../../../../arm-none-eabi/lib/armv7-m/libc_nano.a(lib_a-exit.o) (_exit)
/usr/local/sbin/gcc-arm-none-eabi-5_3-2016q1/bin/../lib/gcc/arm-none-eabi/5.3.1/../../../../arm-none-eabi/lib/armv7-m/libc_nano.a(lib_a-sprintf.o)
                              /tmp/ccGLaRHc.ltrans9.ltrans.o (sprintf)
/usr/local/sbin/gcc-arm-none-eabi-5_3-2016q1/bin/../lib/gcc/arm-none-eabi/5.3.1/../../../../arm-none-eabi/lib/armv7-m/libc_nano.a(lib_a-nano-svfprintf.o)
                              /usr/local/sbin/gcc-arm-none-eabi-5_3-2016q1/bin/../lib/gcc/arm-none-eabi/5.3.1/../../../../arm-none-eabi/lib/armv7-m/libc_nano.a(lib_a-sprintf.o) (_svfprintf_r)
/usr/local/sbin/gcc-arm-none-eabi-5_3-2016q1/bin/../lib/gcc/arm-none-eabi/5.3.1/../../../../arm-none-eabi/lib/armv7-m/libc_nano.a(lib_a-nano-vfprintf_i.o)
                              /usr/local/sbin/gcc-arm-none-eabi-5_3-2016q1/bin/../lib/gcc/arm-none-eabi/5.3.1/../../../../arm-none-eabi/lib/armv7-m/libc_nano.a(lib_a-nano-svfprintf.o) (_printf_i)
/usr/local/sbin/gcc-arm-none-eabi-5_3-2016q1/bin/../lib/gcc/arm-none-eabi/5.3.1/../../../../arm-none-eabi/lib/armv7-m/libc_nano.a(lib_a-memchr-stub.o)
                              /usr/local/sbin/gcc-arm-none-eabi-5_3-2016q1/bin/../lib/gcc/arm-none-eabi/5.3.1/../../../../arm-none-eabi/lib/armv7-m/libc_nano.a(lib_a-nano-svfprintf.o) (memchr)
/usr/local/sbin/gcc-arm-none-eabi-5_3-2016q1/bin/../lib/gcc/arm-none-eabi/5.3.1/../../../../arm-none-eabi/lib/armv7-m/libc_nano.a(lib_a-memcpy-stub.o)
                              /usr/local/sbin/gcc-arm-none-eabi-5_3-2016q1/bin/../lib/gcc/arm-none-eabi/5.3.1/../../../../arm-none-eabi/lib/armv7-m/libc_nano.a(lib_a-nano-svfprintf.o) (memcpy)
/usr/local/sbin/gcc-arm-none-eabi-5_3-2016q1/bin/../lib/gcc/arm-none-eabi/5.3.1/../../../../arm-none-eabi/lib/armv7-m/libc_nano.a(lib_a-memmove.o)
                              /usr/local/sbin/gcc-arm-none-eabi-5_3-2016q1/bin/../lib/gcc/arm-none-eabi/5.3.1/../../../../arm-none-eabi/lib/armv7-m/libc_nano.a(lib_a-nano-svfprintf.o) (memmove)
/usr/local/sbin/gcc-arm-none-eabi-5_3-2016q1/bin/../lib/gcc/arm-none-eabi/5.3.1/../../../../arm-none-eabi/lib/armv7-m/libc_nano.a(lib_a-nano-freer.o)
                              /usr/local/sbin/gcc-arm-none-eabi-5_3-2016q1/bin/../lib/gcc/arm-none-eabi/5.3.1/../../../../arm-none-eabi/lib/armv7-m/libc_nano.a(lib_a-nano-svfprintf.o) (_free_r)
/usr/local/sbin/gcc-arm-none-eabi-5_3-2016q1/bin/../lib/gcc/arm-none-eabi/5.3.1/../../../../arm-none-eabi/lib/armv7-m/libc_nano.a(lib_a-nano-mallocr.o)
                              /usr/local/sbin/gcc-arm-none-eabi-5_3-2016q1/bin/../lib/gcc/arm-none-eabi/5.3.1/../../../../arm-none-eabi/lib/armv7-m/libc_nano.a(lib_a-nano-svfprintf.o) (_malloc_r)
/usr/local/sbin/gcc-arm-none-eabi-5_3-2016q1/bin/../lib/gcc/arm-none-eabi/5.3.1/../../../../arm-none-eabi/lib/armv7-m/libc_nano.a(lib_a-nano-reallocr.o)
                              /usr/local/sbin/gcc-arm-none-eabi-5_3-2016q1/bin/../lib/gcc/arm-none-eabi/5.3.1/../../../../arm-none-eabi/lib/armv7-m/libc_nano.a(lib_a-nano-svfprintf.o) (_realloc_r)
/usr/local/sbin/gcc-arm-none-eabi-5_3-2016q1/bin/../lib/gcc/arm-none-eabi/5.3.1/../../../../arm-none-eabi/lib/armv7-m/libc_nano.a(lib_a-sbrkr.o)
                              /usr/local/sbin/gcc-arm-none-eabi-5_3-2016q1/bin/../lib/gcc/arm-none-eabi/5.3.1/../../../../arm-none-eabi/lib/armv7-m/libc_nano.a(lib_a-nano-mallocr.o) (_sbrk_r)
[...]
Memory Configuration

Name             Origin             Length             Attributes
FLASH            0x00000000         0x00080000         xr
RAM              0x10000000         0x00008000         xrw
RAMAHB           0x2007c000         0x00008000         xrw
*default*        0x00000000         0xffffffff

Linker script and memory map

LOAD /usr/local/sbin/gcc-arm-none-eabi-5_3-2016q1/bin/../lib/gcc/arm-none-eabi/5.3.1/armv7-m/crti.o
LOAD /usr/local/sbin/gcc-arm-none-eabi-5_3-2016q1/bin/../lib/gcc/arm-none-eabi/5.3.1/armv7-m/crtbegin.o
LOAD /usr/local/sbin/gcc-arm-none-eabi-5_3-2016q1/bin/../lib/gcc/arm-none-eabi/5.3.1/../../../../arm-none-eabi/lib/armv7-m/crt0.o
LOAD /tmp/cceSGoxV.o
LOAD /tmp/ccGLaRHc.ltrans0.ltrans.o
LOAD /tmp/ccGLaRHc.ltrans1.ltrans.o
LOAD /tmp/ccGLaRHc.ltrans2.ltrans.o
LOAD /tmp/ccGLaRHc.ltrans3.ltrans.o
LOAD /tmp/ccGLaRHc.ltrans4.ltrans.o
LOAD /tmp/ccGLaRHc.ltrans5.ltrans.o
LOAD /tmp/ccGLaRHc.ltrans6.ltrans.o
LOAD /tmp/ccGLaRHc.ltrans7.ltrans.o
LOAD /tmp/ccGLaRHc.ltrans8.ltrans.o
LOAD /tmp/ccGLaRHc.ltrans9.ltrans.o
LOAD /tmp/ccgMUgNV.o
LOAD /tmp/ccXFiSWj.o
LOAD /tmp/cciUE8fS.o
LOAD /tmp/ccVFVH3s.o
LOAD /tmp/ccS9BRL8.o
LOAD /tmp/ccRQohsT.o
LOAD /tmp/ccOS85OL.o
LOAD /tmp/cc7J5yyK.o
LOAD /tmp/cc8hBY3J.o
LOAD /tmp/ccR4o7QN.o
LOAD /tmp/cciCHTrX.o
LOAD /tmp/ccQrlxG1.o
LOAD /tmp/ccIDTM3a.o
LOAD /tmp/cckFeMPn.o
LOAD /tmp/ccIrbpbI.o
LOAD /tmp/ccYBEPF4.o
LOAD /tmp/ccw5WTGt.o
LOAD /tmp/ccSk3TBT.o
LOAD /tmp/ccuGMwEm.o
LOAD /tmp/cc48lI0U.o
LOAD /tmp/ccyYOj1u.o
LOAD /tmp/ccmg32P9.o
LOAD /tmp/cc8KKDQT.o
LOAD /tmp/cceG81nI.o
LOAD /tmp/cccfje0x.o
LOAD /tmp/ccUh7Igu.o
LOAD /tmp/ccQDlyWq.o
LOAD /tmp/cckzna7t.o
LOAD /tmp/ccwlhkLA.o
LOAD /tmp/ccFoNKKB.o
LOAD /tmp/ccMwkyIF.o
LOAD /usr/local/sbin/gcc-arm-none-eabi-5_3-2016q1/bin/../lib/gcc/arm-none-eabi/5.3.1/../../../../arm-none-eabi/lib/armv7-m/libc_nano.a
LOAD /usr/local/sbin/gcc-arm-none-eabi-5_3-2016q1/bin/../lib/gcc/arm-none-eabi/5.3.1/../../../../arm-none-eabi/lib/armv7-m/libc_nano.a
LOAD /usr/local/sbin/gcc-arm-none-eabi-5_3-2016q1/bin/../lib/gcc/arm-none-eabi/5.3.1/../../../../arm-none-eabi/lib/armv7-m/libnosys.a
START GROUP
LOAD /usr/local/sbin/gcc-arm-none-eabi-5_3-2016q1/bin/../lib/gcc/arm-none-eabi/5.3.1/armv7-m/libgcc.a
LOAD /usr/local/sbin/gcc-arm-none-eabi-5_3-2016q1/bin/../lib/gcc/arm-none-eabi/5.3.1/../../../../arm-none-eabi/lib/armv7-m/libc_nano.a
END GROUP
START GROUP
LOAD /usr/local/sbin/gcc-arm-none-eabi-5_3-2016q1/bin/../lib/gcc/arm-none-eabi/5.3.1/armv7-m/libgcc.a
LOAD /usr/local/sbin/gcc-arm-none-eabi-5_3-2016q1/bin/../lib/gcc/arm-none-eabi/5.3.1/../../../../arm-none-eabi/lib/armv7-m/libc_nano.a
END GROUP
LOAD /usr/local/sbin/gcc-arm-none-eabi-5_3-2016q1/bin/../lib/gcc/arm-none-eabi/5.3.1/armv7-m/crtend.o
LOAD /usr/local/sbin/gcc-arm-none-eabi-5_3-2016q1/bin/../lib/gcc/arm-none-eabi/5.3.1/armv7-m/crtn.o

.text           0x00000000     0x99ea
 *(.isr_vector)
 .isr_vector    0x00000000       0xcc /tmp/ccMwkyIF.o
                0x00000000                __isr_vector
 *(.text*)
 .text.SSP_GetStatus
                0x000000cc       0x74 /tmp/ccGLaRHc.ltrans1.ltrans.o
                0x000000cc                SSP_GetStatus
 .text.SSP_DMACmd
                0x00000140       0x8c /tmp/ccGLaRHc.ltrans1.ltrans.o
                0x00000140                SSP_DMACmd
 .text.SYSTICK_InternalInit
                0x000001cc       0x78 /tmp/ccGLaRHc.ltrans1.ltrans.o
                0x000001cc                SYSTICK_InternalInit
 .text.SYSTICK_Cmd
                0x00000244       0x4c /tmp/ccGLaRHc.ltrans1.ltrans.o
                0x00000244                SYSTICK_Cmd
 .text.SYSTICK_IntCmd
                0x00000290       0x4c /tmp/ccGLaRHc.ltrans1.ltrans.o
                0x00000290                SYSTICK_IntCmd
 .text.setSSPclock
                0x000002dc       0xc0 /tmp/ccGLaRHc.ltrans2.ltrans.o
 .text.SSP_Init
                0x0000039c       0x98 /tmp/ccGLaRHc.ltrans2.ltrans.o
                0x0000039c                SSP_Init
 .text.SSP_ConfigStructInit
                0x00000434       0x38 /tmp/ccGLaRHc.ltrans2.ltrans.o
                0x00000434                SSP_ConfigStructInit
 .text.SSP_Cmd  0x0000046c       0x6c /tmp/ccGLaRHc.ltrans2.ltrans.o
                0x0000046c                SSP_Cmd
 .text.SSP_SendData
                0x000004d8       0x40 /tmp/ccGLaRHc.ltrans2.ltrans.o
                0x000004d8                SSP_SendData
 .text.check_failed
                0x00000518        0xc /tmp/ccGLaRHc.ltrans4.ltrans.o
                0x00000518                check_failed
 .text.set_PinFunc
                0x00000524       0x80 /tmp/ccGLaRHc.ltrans4.ltrans.o
 .text.set_ResistorMode
                0x000005a4       0x80 /tmp/ccGLaRHc.ltrans4.ltrans.o
 .text.set_OpenDrainMode
                0x00000624       0x68 /tmp/ccGLaRHc.ltrans4.ltrans.o
 .text.PINSEL_ConfigPin
                0x0000068c       0x44 /tmp/ccGLaRHc.ltrans4.ltrans.o
                0x0000068c                PINSEL_ConfigPin
 .text.GPDMA_Init
                0x000006d0       0x70 /tmp/ccGLaRHc.ltrans6.ltrans.o
                0x000006d0                GPDMA_Init
 .text.GPDMA_Setup
                0x00000740      0x31c /tmp/ccGLaRHc.ltrans6.ltrans.o
                0x00000740                GPDMA_Setup
 .text.GPDMA_ChannelCmd
                0x00000a5c       0x48 /tmp/ccGLaRHc.ltrans6.ltrans.o
                0x00000a5c                GPDMA_ChannelCmd
 .text.GPDMA_IntGetStatus
                0x00000aa4      0x128 /tmp/ccGLaRHc.ltrans6.ltrans.o
                0x00000aa4                GPDMA_IntGetStatus
 .text.GPDMA_ClearIntPending
                0x00000bcc       0x68 /tmp/ccGLaRHc.ltrans6.ltrans.o
                0x00000bcc                GPDMA_ClearIntPending
 .text.GPIO_GetPointer
                0x00000c34       0x6c /tmp/ccGLaRHc.ltrans6.ltrans.o
 .text.GPIO_SetDir
                0x00000ca0       0x48 /tmp/ccGLaRHc.ltrans6.ltrans.o
                0x00000ca0                GPIO_SetDir
 .text.GPIO_SetValue
                0x00000ce8       0x28 /tmp/ccGLaRHc.ltrans6.ltrans.o
                0x00000ce8                GPIO_SetValue
 .text.GPIO_ClearValue
                0x00000d10       0x28 /tmp/ccGLaRHc.ltrans6.ltrans.o
                0x00000d10                GPIO_ClearValue
 .text.CLKPWR_GetPCLKSEL
                0x00000d38       0x48 /tmp/ccGLaRHc.ltrans7.ltrans.o
 .text.CLKPWR_GetPCLK
                0x00000d80       0x64 /tmp/ccGLaRHc.ltrans7.ltrans.o
                0x00000d80                CLKPWR_GetPCLK
 .text.CLKPWR_ConfigPPWR
                0x00000de4       0x54 /tmp/ccGLaRHc.ltrans7.ltrans.o
                0x00000de4                CLKPWR_ConfigPPWR
 .text.main     0x00000e38       0x64 /tmp/ccGLaRHc.ltrans9.ltrans.o
                0x00000e38                main
 .text.SystemInit
                0x00000e9c      0x158 /tmp/ccGLaRHc.ltrans9.ltrans.o
                0x00000e9c                SystemInit
 .text.SendCMD  0x00000ff4       0x1c /tmp/ccGLaRHc.ltrans9.ltrans.o
 .text.SendData
                0x00001010       0x1c /tmp/ccGLaRHc.ltrans9.ltrans.o
 .text.Color565
                0x0000102c       0x60 /tmp/ccGLaRHc.ltrans9.ltrans.o
 .text.AlphaBlend
                0x0000108c      0x118 /tmp/ccGLaRHc.ltrans9.ltrans.o
 .text.WriteFrame
                0x000011a4       0x48 /tmp/ccGLaRHc.ltrans9.ltrans.o
 .text.InitOLED
                0x000011ec      0x254 /tmp/ccGLaRHc.ltrans9.ltrans.o
 .text.DrawTextToBuffer
                0x00001440       0x4c /tmp/ccGLaRHc.ltrans9.ltrans.o
 .text.DrawChar
                0x0000148c       0xc0 /tmp/ccGLaRHc.ltrans9.ltrans.o
 .text.NVIC_EnableIRQ
                0x0000154c       0x30 /tmp/ccGLaRHc.ltrans9.ltrans.o
 .text.NVIC_DisableIRQ
                0x0000157c       0x30 /tmp/ccGLaRHc.ltrans9.ltrans.o
 .text.NVIC_SetPriority
                0x000015ac       0x4c /tmp/ccGLaRHc.ltrans9.ltrans.o
 .text.OLED_InitIF
                0x000015f8       0xb0 /tmp/ccGLaRHc.ltrans9.ltrans.o
 .text.OLED_MsDelay
                0x000016a8       0x14 /tmp/ccGLaRHc.ltrans9.ltrans.o
 .text.OLED_SendByte
                0x000016bc       0x20 /tmp/ccGLaRHc.ltrans9.ltrans.o
 .text.OLED_SendBuffer
                0x000016dc       0x68 /tmp/ccGLaRHc.ltrans9.ltrans.o
 .text.SendDmaBlock
                0x00001744       0x70 /tmp/ccGLaRHc.ltrans9.ltrans.o
 .text.DMA_IRQHandler
                0x000017b4       0x5c /tmp/ccGLaRHc.ltrans9.ltrans.o
                0x000017b4                DMA_IRQHandler
 .text.OLED_ResetAssert
                0x00001810       0x10 /tmp/ccGLaRHc.ltrans9.ltrans.o
 .text.OLED_ResetDeassert
                0x00001820       0x10 /tmp/ccGLaRHc.ltrans9.ltrans.o
 .text.OLED_SetCommand
                0x00001830       0x24 /tmp/ccGLaRHc.ltrans9.ltrans.o
 .text.OLED_SetData
                0x00001854       0x24 /tmp/ccGLaRHc.ltrans9.ltrans.o
 .text.SysTick_Handler
                0x00001878       0x18 /tmp/ccGLaRHc.ltrans9.ltrans.o
                0x00001878                SysTick_Handler
 .text.BR_SysTickInit
                0x00001890       0x18 /tmp/ccGLaRHc.ltrans9.ltrans.o
 .text.BR_MsDelay
                0x000018a8       0x28 /tmp/ccGLaRHc.ltrans9.ltrans.o
 .text          0x000018d0       0x98 /tmp/ccMwkyIF.o
                0x000018d0                Reset_Handler
                0x00001910                NMI_Handler
                0x00001912                HardFault_Handler
                0x00001914                MemManage_Handler
                0x00001916                BusFault_Handler
                0x00001918                UsageFault_Handler
                0x0000191a                SVC_Handler
                0x0000191c                DebugMon_Handler
                0x0000191e                PendSV_Handler
                0x00001922                WDT_IRQHandler
                0x00001924                TIMER0_IRQHandler
                0x00001926                TIMER1_IRQHandler
                0x00001928                TIMER2_IRQHandler
                0x0000192a                TIMER3_IRQHandler
                0x0000192c                UART0_IRQHandler
                0x0000192e                UART1_IRQHandler
                0x00001930                UART2_IRQHandler
                0x00001932                UART3_IRQHandler
                0x00001934                PWM1_IRQHandler
                0x00001936                I2C0_IRQHandler
                0x00001938                I2C1_IRQHandler
                0x0000193a                I2C2_IRQHandler
                0x0000193c                SPI_IRQHandler
                0x0000193e                SSP0_IRQHandler
                0x00001940                SSP1_IRQHandler
                0x00001942                PLL0_IRQHandler
                0x00001944                RTC_IRQHandler
                0x00001946                EINT0_IRQHandler
                0x00001948                EINT1_IRQHandler
                0x0000194a                EINT2_IRQHandler
                0x0000194c                EINT3_IRQHandler
                0x0000194e                ADC_IRQHandler
                0x00001950                BOD_IRQHandler
                0x00001952                USB_IRQHandler
                0x00001954                CAN_IRQHandler
                0x00001958                I2S_IRQHandler
                0x0000195a                ENET_IRQHandler
                0x0000195c                RIT_IRQHandler
                0x0000195e                MCPWM_IRQHandler
                0x00001960                QEI_IRQHandler
                0x00001962                PLL1_IRQHandler
                0x00001964                USBActivity_IRQHandler
                0x00001966                CANActivity_IRQHandler
 .text.sprintf  0x00001968       0x48 /usr/local/sbin/gcc-arm-none-eabi-5_3-2016q1/bin/../lib/gcc/arm-none-eabi/5.3.1/../../../../arm-none-eabi/lib/armv7-m/libc_nano.a(lib_a-sprintf.o)
                0x00001968                sprintf
                0x00001968                siprintf
 .text.__ssputs_r
                0x000019b0       0xb2 /usr/local/sbin/gcc-arm-none-eabi-5_3-2016q1/bin/../lib/gcc/arm-none-eabi/5.3.1/../../../../arm-none-eabi/lib/armv7-m/libc_nano.a(lib_a-nano-svfprintf.o)
                0x000019b0                __ssputs_r
 *fill*         0x00001a62        0x2 
 .text._svfprintf_r
                0x00001a64      0x1e8 /usr/local/sbin/gcc-arm-none-eabi-5_3-2016q1/bin/../lib/gcc/arm-none-eabi/5.3.1/../../../../arm-none-eabi/lib/armv7-m/libc_nano.a(lib_a-nano-svfprintf.o)
                0x00001a64                _svfprintf_r
                0x00001a64                _svfiprintf_r
 .text._printf_common
                0x00001c4c       0xec /usr/local/sbin/gcc-arm-none-eabi-5_3-2016q1/bin/../lib/gcc/arm-none-eabi/5.3.1/../../../../arm-none-eabi/lib/armv7-m/libc_nano.a(lib_a-nano-vfprintf_i.o)
                0x00001c4c                _printf_common
 .text._printf_i
                0x00001d38      0x24c /usr/local/sbin/gcc-arm-none-eabi-5_3-2016q1/bin/../lib/gcc/arm-none-eabi/5.3.1/../../../../arm-none-eabi/lib/armv7-m/libc_nano.a(lib_a-nano-vfprintf_i.o)
                0x00001d38                _printf_i
 .text.memchr   0x00001f84       0x1c /usr/local/sbin/gcc-arm-none-eabi-5_3-2016q1/bin/../lib/gcc/arm-none-eabi/5.3.1/../../../../arm-none-eabi/lib/armv7-m/libc_nano.a(lib_a-memchr-stub.o)
                0x00001f84                memchr
 .text.memcpy   0x00001fa0       0x16 /usr/local/sbin/gcc-arm-none-eabi-5_3-2016q1/bin/../lib/gcc/arm-none-eabi/5.3.1/../../../../arm-none-eabi/lib/armv7-m/libc_nano.a(lib_a-memcpy-stub.o)
                0x00001fa0                memcpy
 .text.memmove  0x00001fb6       0x36 /usr/local/sbin/gcc-arm-none-eabi-5_3-2016q1/bin/../lib/gcc/arm-none-eabi/5.3.1/../../../../arm-none-eabi/lib/armv7-m/libc_nano.a(lib_a-memmove.o)
                0x00001fb6                memmove
 .text._free_r  0x00001fec       0x88 /usr/local/sbin/gcc-arm-none-eabi-5_3-2016q1/bin/../lib/gcc/arm-none-eabi/5.3.1/../../../../arm-none-eabi/lib/armv7-m/libc_nano.a(lib_a-nano-freer.o)
                0x00001fec                _free_r
 .text._malloc_r
                0x00002074       0xa8 /usr/local/sbin/gcc-arm-none-eabi-5_3-2016q1/bin/../lib/gcc/arm-none-eabi/5.3.1/../../../../arm-none-eabi/lib/armv7-m/libc_nano.a(lib_a-nano-mallocr.o)
                0x00002074                _malloc_r
 .text._realloc_r
                0x0000211c       0x4c /usr/local/sbin/gcc-arm-none-eabi-5_3-2016q1/bin/../lib/gcc/arm-none-eabi/5.3.1/../../../../arm-none-eabi/lib/armv7-m/libc_nano.a(lib_a-nano-reallocr.o)
                0x0000211c                _realloc_r
 .text._sbrk_r  0x00002168       0x20 /usr/local/sbin/gcc-arm-none-eabi-5_3-2016q1/bin/../lib/gcc/arm-none-eabi/5.3.1/../../../../arm-none-eabi/lib/armv7-m/libc_nano.a(lib_a-sbrkr.o)
                0x00002168                _sbrk_r
 .text._malloc_usable_size_r
                0x00002188       0x14 /usr/local/sbin/gcc-arm-none-eabi-5_3-2016q1/bin/../lib/gcc/arm-none-eabi/5.3.1/../../../../arm-none-eabi/lib/armv7-m/libc_nano.a(lib_a-nano-msizer.o)
                0x00002188                _malloc_usable_size_r
 .text._sbrk    0x0000219c       0x1c /usr/local/sbin/gcc-arm-none-eabi-5_3-2016q1/bin/../lib/gcc/arm-none-eabi/5.3.1/../../../../arm-none-eabi/lib/armv7-m/libnosys.a(sbrk.o)
                0x0000219c                _sbrk
 .text          0x000021b8      0x21c /usr/local/sbin/gcc-arm-none-eabi-5_3-2016q1/bin/../lib/gcc/arm-none-eabi/5.3.1/armv7-m/libgcc.a(_arm_addsubsf3.o)
                0x000021b8                __aeabi_frsub
                0x000021c0                __subsf3
                0x000021c0                __aeabi_fsub
                0x000021c4                __aeabi_fadd
                0x000021c4                __addsf3
                0x00002324                __aeabi_ui2f
                0x00002324                __floatunsisf
                0x0000232c                __aeabi_i2f
                0x0000232c                __floatsisf
                0x00002348                __floatundisf
                0x00002348                __aeabi_ul2f
                0x00002358                __floatdisf
                0x00002358                __aeabi_l2f
 .text          0x000023d4       0xec /usr/local/sbin/gcc-arm-none-eabi-5_3-2016q1/bin/../lib/gcc/arm-none-eabi/5.3.1/armv7-m/libgcc.a(_arm_cmpsf2.o)
                0x000023d4                __gtsf2
                0x000023d4                __gesf2
                0x000023dc                __lesf2
                0x000023dc                __ltsf2
                0x000023e4                __nesf2
                0x000023e4                __eqsf2
                0x000023e4                __cmpsf2
                0x00002444                __aeabi_cfrcmple
                0x0000244c                __aeabi_cfcmple
                0x0000244c                __aeabi_cfcmpeq
                0x0000245c                __aeabi_fcmpeq
                0x00002470                __aeabi_fcmplt
                0x00002484                __aeabi_fcmple
                0x00002498                __aeabi_fcmpge
                0x000024ac                __aeabi_fcmpgt
 *(.init)
 .init          0x000024c0        0x4 /usr/local/sbin/gcc-arm-none-eabi-5_3-2016q1/bin/../lib/gcc/arm-none-eabi/5.3.1/armv7-m/crti.o
                0x000024c0                _init
 *(.fini)
 .fini          0x000024c4        0x4 /usr/local/sbin/gcc-arm-none-eabi-5_3-2016q1/bin/../lib/gcc/arm-none-eabi/5.3.1/armv7-m/crti.o
                0x000024c4                _fini
 *crtbegin.o(.ctors)
 *crtbegin?.o(.ctors)
 *(EXCLUDE_FILE(*crtend.o *crtend?.o) .ctors)
 *(SORT(.ctors.*))
 *(.ctors)
 *crtbegin.o(.dtors)
 *crtbegin?.o(.dtors)
 *(EXCLUDE_FILE(*crtend.o *crtend?.o) .dtors)
 *(SORT(.dtors.*))
 *(.dtors)
 *(.rodata*)
 .rodata.BR_FontBuffer_OpenSans12p
                0x000024c8     0x1214 /tmp/ccGLaRHc.ltrans0.ltrans.o
                0x000024c8                BR_FontBuffer_OpenSans12p
 .rodata.BR_OpenSans12p
                0x000036dc        0x8 /tmp/ccGLaRHc.ltrans0.ltrans.o
                0x000036dc                BR_OpenSans12p
 .rodata.BR_FontBuffer_OpenSans16p
                0x000036e4     0x1fb8 /tmp/ccGLaRHc.ltrans0.ltrans.o
                0x000036e4                BR_FontBuffer_OpenSans16p
 .rodata.BR_OpenSans16p
                0x0000569c        0x8 /tmp/ccGLaRHc.ltrans0.ltrans.o
                0x0000569c                BR_OpenSans16p
 .rodata.BR_FontBuffer_OpenSans24p
                0x000056a4     0x40c4 /tmp/ccGLaRHc.ltrans0.ltrans.o
                0x000056a4                BR_FontBuffer_OpenSans24p
 .rodata.BR_OpenSans24p
                0x00009768        0x8 /tmp/ccGLaRHc.ltrans0.ltrans.o
                0x00009768                BR_OpenSans24p
 .rodata.GPDMA_LUTPerBurst
                0x00009770       0x18 /tmp/ccGLaRHc.ltrans0.ltrans.o
                0x00009770                GPDMA_LUTPerBurst
 .rodata.GPDMA_LUTPerWid
                0x00009788       0x18 /tmp/ccGLaRHc.ltrans0.ltrans.o
                0x00009788                GPDMA_LUTPerWid
 .rodata        0x000097a0       0xb2 /tmp/ccGLaRHc.ltrans1.ltrans.o
 *fill*         0x00009852        0x2 
 .rodata        0x00009854       0x81 /tmp/ccGLaRHc.ltrans2.ltrans.o
 *fill*         0x000098d5        0x3 
 .rodata        0x000098d8       0x55 /tmp/ccGLaRHc.ltrans6.ltrans.o
 *fill*         0x0000992d        0x3 
 .rodata        0x00009930       0x85 /tmp/ccGLaRHc.ltrans9.ltrans.o
 .rodata.str1.1
                0x000099b5        0x2 /usr/local/sbin/gcc-arm-none-eabi-5_3-2016q1/bin/../lib/gcc/arm-none-eabi/5.3.1/../../../../arm-none-eabi/lib/armv7-m/libc_nano.a(lib_a-impure.o)
 .rodata.str1.1
                0x000099b7       0x11 /usr/local/sbin/gcc-arm-none-eabi-5_3-2016q1/bin/../lib/gcc/arm-none-eabi/5.3.1/../../../../arm-none-eabi/lib/armv7-m/libc_nano.a(lib_a-nano-svfprintf.o)
 .rodata.str1.1
                0x000099c8       0x22 /usr/local/sbin/gcc-arm-none-eabi-5_3-2016q1/bin/../lib/gcc/arm-none-eabi/5.3.1/../../../../arm-none-eabi/lib/armv7-m/libc_nano.a(lib_a-nano-vfprintf_i.o)
 *(.eh_frame*)

.glue_7         0x000099ec        0x0
 .glue_7        0x000099ec        0x0 linker stubs

.glue_7t        0x000099ec        0x0
 .glue_7t       0x000099ec        0x0 linker stubs

.vfp11_veneer   0x000099ec        0x0
 .vfp11_veneer  0x000099ec        0x0 linker stubs

.v4_bx          0x000099ec        0x0
 .v4_bx         0x000099ec        0x0 linker stubs

.iplt           0x000099ec        0x0
 .iplt          0x000099ec        0x0 /usr/local/sbin/gcc-arm-none-eabi-5_3-2016q1/bin/../lib/gcc/arm-none-eabi/5.3.1/armv7-m/crtbegin.o

.rel.dyn        0x000099ec        0x0
 .rel.iplt      0x000099ec        0x0 /usr/local/sbin/gcc-arm-none-eabi-5_3-2016q1/bin/../lib/gcc/arm-none-eabi/5.3.1/armv7-m/crtbegin.o

.ARM.extab
 *(.ARM.extab* .gnu.linkonce.armextab.*)
                0x000099ec                __exidx_start = .

.ARM.exidx
 *(.ARM.exidx* .gnu.linkonce.armexidx.*)
                0x000099ec                __exidx_end = .
                0x000099ec                __etext = .

.data           0x10000000      0xc10 load address 0x000099ea
                0x10000000                __data_start__ = .
 *(vtable)
 *(.data*)
 .data.SystemCoreClock
                0x10000000        0x4 /tmp/ccGLaRHc.ltrans0.ltrans.o
                0x10000000                SystemCoreClock
 .data.BR_GlyphList_OpenSans12p
                0x10000004      0x3b6 /tmp/ccGLaRHc.ltrans0.ltrans.o
                0x10000004                BR_GlyphList_OpenSans12p
 *fill*         0x100003ba        0x2 
 .data.BR_GlyphList_OpenSans16p
                0x100003bc      0x3b6 /tmp/ccGLaRHc.ltrans0.ltrans.o
                0x100003bc                BR_GlyphList_OpenSans16p
 *fill*         0x10000772        0x2 
 .data.BR_GlyphList_OpenSans24p
                0x10000774      0x3b6 /tmp/ccGLaRHc.ltrans0.ltrans.o
                0x10000774                BR_GlyphList_OpenSans24p
 *fill*         0x10000b2a        0x2 
 .data.GPDMA_LUTPerAddr
                0x10000b2c       0x60 /tmp/ccGLaRHc.ltrans0.ltrans.o
                0x10000b2c                GPDMA_LUTPerAddr
 .data.pGPDMACh
                0x10000b8c       0x20 /tmp/ccGLaRHc.ltrans0.ltrans.o
                0x10000b8c                pGPDMACh
 .data.impure_data
                0x10000bac       0x60 /usr/local/sbin/gcc-arm-none-eabi-5_3-2016q1/bin/../lib/gcc/arm-none-eabi/5.3.1/../../../../arm-none-eabi/lib/armv7-m/libc_nano.a(lib_a-impure.o)
 .data._impure_ptr
                0x10000c0c        0x4 /usr/local/sbin/gcc-arm-none-eabi-5_3-2016q1/bin/../lib/gcc/arm-none-eabi/5.3.1/../../../../arm-none-eabi/lib/armv7-m/libc_nano.a(lib_a-impure.o)
                0x10000c0c                _impure_ptr
                0x10000c10                . = ALIGN (0x4)
                0x10000c10                PROVIDE (__preinit_array_start, .)
 *(.preinit_array)
                0x10000c10                PROVIDE (__preinit_array_end, .)
                0x10000c10                . = ALIGN (0x4)
                0x10000c10                PROVIDE (__init_array_start, .)
 *(SORT(.init_array.*))
 *(.init_array)
                0x10000c10                PROVIDE (__init_array_end, .)
                0x10000c10                . = ALIGN (0x4)
                [!provide]                PROVIDE (__fini_array_start, .)
 *(SORT(.fini_array.*))
 *(.fini_array)
                [!provide]                PROVIDE (__fini_array_end, .)
 *(.jcr)
                0x10000c10                . = ALIGN (0x4)
                0x10000c10                __data_end__ = .

.igot.plt       0x10000c10        0x0 load address 0x0000a5fc
 .igot.plt      0x10000c10        0x0 /usr/local/sbin/gcc-arm-none-eabi-5_3-2016q1/bin/../lib/gcc/arm-none-eabi/5.3.1/armv7-m/crtbegin.o

.bss            0x10000c10       0x1c load address 0x0000a5fc
                0x10000c10                . = ALIGN (0x4)
                0x10000c10                __bss_start__ = .
 *(.bss*)
 .bss.Channel0_TC
                0x10000c10        0x4 /tmp/ccGLaRHc.ltrans0.ltrans.o
                0x10000c10                Channel0_TC
 .bss.Channel0_Err
                0x10000c14        0x4 /tmp/ccGLaRHc.ltrans0.ltrans.o
                0x10000c14                Channel0_Err
 .bss.msTicks   0x10000c18        0x4 /tmp/ccGLaRHc.ltrans0.ltrans.o
                0x10000c18                msTicks
 .bss.__malloc_sbrk_start
                0x10000c1c        0x4 /usr/local/sbin/gcc-arm-none-eabi-5_3-2016q1/bin/../lib/gcc/arm-none-eabi/5.3.1/../../../../arm-none-eabi/lib/armv7-m/libc_nano.a(lib_a-nano-mallocr.o)
                0x10000c1c                __malloc_sbrk_start
 .bss.__malloc_free_list
                0x10000c20        0x4 /usr/local/sbin/gcc-arm-none-eabi-5_3-2016q1/bin/../lib/gcc/arm-none-eabi/5.3.1/../../../../arm-none-eabi/lib/armv7-m/libc_nano.a(lib_a-nano-mallocr.o)
                0x10000c20                __malloc_free_list
 .bss.heap_end.4167
                0x10000c24        0x4 /usr/local/sbin/gcc-arm-none-eabi-5_3-2016q1/bin/../lib/gcc/arm-none-eabi/5.3.1/../../../../arm-none-eabi/lib/armv7-m/libnosys.a(sbrk.o)
 *(COMMON)
 COMMON         0x10000c28        0x4 /usr/local/sbin/gcc-arm-none-eabi-5_3-2016q1/bin/../lib/gcc/arm-none-eabi/5.3.1/../../../../arm-none-eabi/lib/armv7-m/libc_nano.a(lib_a-reent.o)
                0x10000c28                errno
                0x10000c2c                . = ALIGN (0x4)
                0x10000c2c                __bss_end__ = .

.bss_RAMAHB     0x2007c000     0x8000
                0x2007c000                . = ALIGN (0x4)
                0x2007c000                __start_RAM2 = .
 *(RAM2)
 RAM2           0x2007c000     0x8000 /tmp/ccGLaRHc.ltrans0.ltrans.o
                0x2007c000                OLED_Buffer
                0x20084000                . = ALIGN (0x4)
                0x20084000                __end_RAM2 = .

.heap           0x10000c30        0x0
                0x10000c30                __end__ = .
                0x10000c30                end = __end__
 *(.heap*)
 .heap          0x10000c30        0x0 /tmp/ccMwkyIF.o
                0x10000c30                __HeapLimit = .

.stack_dummy    0x10000c30      0xc00
 *(.stack*)
 .stack         0x10000c30      0xc00 /tmp/ccMwkyIF.o
                0x10008000                __StackTop = (ORIGIN (RAM) + LENGTH (RAM))
                0x10007400                __StackLimit = (__StackTop - SIZEOF (.stack_dummy))
                0x10008000                PROVIDE (__stack, __StackTop)
                0x00000001                ASSERT ((__StackLimit >= __HeapLimit), region RAM overflowed with stack)
OUTPUT(LPC1769-OLED-1_5-CM3.axf elf32-littlearm)

.ARM.attributes
                0x00000000       0x29
 .ARM.attributes
                0x00000000       0x1d /usr/local/sbin/gcc-arm-none-eabi-5_3-2016q1/bin/../lib/gcc/arm-none-eabi/5.3.1/armv7-m/crti.o
 .ARM.attributes
                0x0000001d       0x31 /tmp/ccGLaRHc.ltrans0.ltrans.o
 .ARM.attributes
                0x0000004e       0x31 /tmp/ccGLaRHc.ltrans1.ltrans.o
 .ARM.attributes
                0x0000007f       0x31 /tmp/ccGLaRHc.ltrans2.ltrans.o
 .ARM.attributes
                0x000000b0       0x31 /tmp/ccGLaRHc.ltrans4.ltrans.o
 .ARM.attributes
                0x000000e1       0x31 /tmp/ccGLaRHc.ltrans6.ltrans.o
 .ARM.attributes
                0x00000112       0x31 /tmp/ccGLaRHc.ltrans7.ltrans.o
 .ARM.attributes
                0x00000143       0x31 /tmp/ccGLaRHc.ltrans9.ltrans.o
 .ARM.attributes
                0x00000174       0x1b /tmp/ccMwkyIF.o
 .ARM.attributes
                0x0000018f       0x2d /usr/local/sbin/gcc-arm-none-eabi-5_3-2016q1/bin/../lib/gcc/arm-none-eabi/5.3.1/../../../../arm-none-eabi/lib/armv7-m/libc_nano.a(lib_a-impure.o)
 .ARM.attributes
                0x000001bc       0x2d /usr/local/sbin/gcc-arm-none-eabi-5_3-2016q1/bin/../lib/gcc/arm-none-eabi/5.3.1/../../../../arm-none-eabi/lib/armv7-m/libc_nano.a(lib_a-sprintf.o)
 .ARM.attributes
                0x000001e9       0x2d /usr/local/sbin/gcc-arm-none-eabi-5_3-2016q1/bin/../lib/gcc/arm-none-eabi/5.3.1/../../../../arm-none-eabi/lib/armv7-m/libc_nano.a(lib_a-nano-svfprintf.o)
 .ARM.attributes
                0x00000216       0x2d /usr/local/sbin/gcc-arm-none-eabi-5_3-2016q1/bin/../lib/gcc/arm-none-eabi/5.3.1/../../../../arm-none-eabi/lib/armv7-m/libc_nano.a(lib_a-nano-vfprintf_i.o)
 .ARM.attributes
                0x00000243       0x2d /usr/local/sbin/gcc-arm-none-eabi-5_3-2016q1/bin/../lib/gcc/arm-none-eabi/5.3.1/../../../../arm-none-eabi/lib/armv7-m/libc_nano.a(lib_a-memchr-stub.o)
 .ARM.attributes
                0x00000270       0x2d /usr/local/sbin/gcc-arm-none-eabi-5_3-2016q1/bin/../lib/gcc/arm-none-eabi/5.3.1/../../../../arm-none-eabi/lib/armv7-m/libc_nano.a(lib_a-memcpy-stub.o)
 .ARM.attributes
                0x0000029d       0x2d /usr/local/sbin/gcc-arm-none-eabi-5_3-2016q1/bin/../lib/gcc/arm-none-eabi/5.3.1/../../../../arm-none-eabi/lib/armv7-m/libc_nano.a(lib_a-memmove.o)
 .ARM.attributes
                0x000002ca       0x2d /usr/local/sbin/gcc-arm-none-eabi-5_3-2016q1/bin/../lib/gcc/arm-none-eabi/5.3.1/../../../../arm-none-eabi/lib/armv7-m/libc_nano.a(lib_a-nano-freer.o)
 .ARM.attributes
                0x000002f7       0x2d /usr/local/sbin/gcc-arm-none-eabi-5_3-2016q1/bin/../lib/gcc/arm-none-eabi/5.3.1/../../../../arm-none-eabi/lib/armv7-m/libc_nano.a(lib_a-nano-mallocr.o)
 .ARM.attributes
                0x00000324       0x2d /usr/local/sbin/gcc-arm-none-eabi-5_3-2016q1/bin/../lib/gcc/arm-none-eabi/5.3.1/../../../../arm-none-eabi/lib/armv7-m/libc_nano.a(lib_a-nano-reallocr.o)
 .ARM.attributes
                0x00000351       0x2d /usr/local/sbin/gcc-arm-none-eabi-5_3-2016q1/bin/../lib/gcc/arm-none-eabi/5.3.1/../../../../arm-none-eabi/lib/armv7-m/libc_nano.a(lib_a-sbrkr.o)
 .ARM.attributes
                0x0000037e       0x2d /usr/local/sbin/gcc-arm-none-eabi-5_3-2016q1/bin/../lib/gcc/arm-none-eabi/5.3.1/../../../../arm-none-eabi/lib/armv7-m/libc_nano.a(lib_a-nano-msizer.o)
 .ARM.attributes
                0x000003ab       0x2d /usr/local/sbin/gcc-arm-none-eabi-5_3-2016q1/bin/../lib/gcc/arm-none-eabi/5.3.1/../../../../arm-none-eabi/lib/armv7-m/libc_nano.a(lib_a-reent.o)
 .ARM.attributes
                0x000003d8       0x2d /usr/local/sbin/gcc-arm-none-eabi-5_3-2016q1/bin/../lib/gcc/arm-none-eabi/5.3.1/../../../../arm-none-eabi/lib/armv7-m/libnosys.a(sbrk.o)
 .ARM.attributes
                0x00000405       0x1d /usr/local/sbin/gcc-arm-none-eabi-5_3-2016q1/bin/../lib/gcc/arm-none-eabi/5.3.1/armv7-m/libgcc.a(_arm_addsubsf3.o)
 .ARM.attributes
                0x00000422       0x1d /usr/local/sbin/gcc-arm-none-eabi-5_3-2016q1/bin/../lib/gcc/arm-none-eabi/5.3.1/armv7-m/libgcc.a(_arm_cmpsf2.o)

.comment        0x00000000       0x6e
 .comment       0x00000000       0x6e /tmp/ccGLaRHc.ltrans0.ltrans.o
                                 0x6f (size before relaxing)
 .comment       0x0000006e       0x6f /tmp/ccGLaRHc.ltrans1.ltrans.o
 .comment       0x0000006e       0x6f /tmp/ccGLaRHc.ltrans2.ltrans.o
 .comment       0x0000006e       0x6f /tmp/ccGLaRHc.ltrans4.ltrans.o
 .comment       0x0000006e       0x6f /tmp/ccGLaRHc.ltrans6.ltrans.o
 .comment       0x0000006e       0x6f /tmp/ccGLaRHc.ltrans7.ltrans.o
 .comment       0x0000006e       0x6f /tmp/ccGLaRHc.ltrans9.ltrans.o

.debug_frame    0x00000000      0x334
 .debug_frame   0x00000000       0x70 /usr/local/sbin/gcc-arm-none-eabi-5_3-2016q1/bin/../lib/gcc/arm-none-eabi/5.3.1/../../../../arm-none-eabi/lib/armv7-m/libc_nano.a(lib_a-sprintf.o)
 .debug_frame   0x00000070       0x90 /usr/local/sbin/gcc-arm-none-eabi-5_3-2016q1/bin/../lib/gcc/arm-none-eabi/5.3.1/../../../../arm-none-eabi/lib/armv7-m/libc_nano.a(lib_a-nano-svfprintf.o)
 .debug_frame   0x00000100       0x60 /usr/local/sbin/gcc-arm-none-eabi-5_3-2016q1/bin/../lib/gcc/arm-none-eabi/5.3.1/../../../../arm-none-eabi/lib/armv7-m/libc_nano.a(lib_a-nano-vfprintf_i.o)
 .debug_frame   0x00000160       0x28 /usr/local/sbin/gcc-arm-none-eabi-5_3-2016q1/bin/../lib/gcc/arm-none-eabi/5.3.1/../../../../arm-none-eabi/lib/armv7-m/libc_nano.a(lib_a-memchr-stub.o)
 .debug_frame   0x00000188       0x28 /usr/local/sbin/gcc-arm-none-eabi-5_3-2016q1/bin/../lib/gcc/arm-none-eabi/5.3.1/../../../../arm-none-eabi/lib/armv7-m/libc_nano.a(lib_a-memcpy-stub.o)
 .debug_frame   0x000001b0       0x28 /usr/local/sbin/gcc-arm-none-eabi-5_3-2016q1/bin/../lib/gcc/arm-none-eabi/5.3.1/../../../../arm-none-eabi/lib/armv7-m/libc_nano.a(lib_a-memmove.o)
 .debug_frame   0x000001d8       0x2c /usr/local/sbin/gcc-arm-none-eabi-5_3-2016q1/bin/../lib/gcc/arm-none-eabi/5.3.1/../../../../arm-none-eabi/lib/armv7-m/libc_nano.a(lib_a-nano-freer.o)
 .debug_frame   0x00000204       0x2c /usr/local/sbin/gcc-arm-none-eabi-5_3-2016q1/bin/../lib/gcc/arm-none-eabi/5.3.1/../../../../arm-none-eabi/lib/armv7-m/libc_nano.a(lib_a-nano-mallocr.o)
 .debug_frame   0x00000230       0x3c /usr/local/sbin/gcc-arm-none-eabi-5_3-2016q1/bin/../lib/gcc/arm-none-eabi/5.3.1/../../../../arm-none-eabi/lib/armv7-m/libc_nano.a(lib_a-nano-reallocr.o)
 .debug_frame   0x0000026c       0x2c /usr/local/sbin/gcc-arm-none-eabi-5_3-2016q1/bin/../lib/gcc/arm-none-eabi/5.3.1/../../../../arm-none-eabi/lib/armv7-m/libc_nano.a(lib_a-sbrkr.o)
 .debug_frame   0x00000298       0x20 /usr/local/sbin/gcc-arm-none-eabi-5_3-2016q1/bin/../lib/gcc/arm-none-eabi/5.3.1/../../../../arm-none-eabi/lib/armv7-m/libc_nano.a(lib_a-nano-msizer.o)
 .debug_frame   0x000002b8       0x5c /usr/local/sbin/gcc-arm-none-eabi-5_3-2016q1/bin/../lib/gcc/arm-none-eabi/5.3.1/../../../../arm-none-eabi/lib/armv7-m/libc_nano.a(lib_a-reent.o)
 .debug_frame   0x00000314       0x20 /usr/local/sbin/gcc-arm-none-eabi-5_3-2016q1/bin/../lib/gcc/arm-none-eabi/5.3.1/../../../../arm-none-eabi/lib/armv7-m/libnosys.a(sbrk.o)
